Archive member included because of file (symbol)

e:/embedded sys course/01- imt sdk/imt_sdk_win_64/imt_sdk_win_64/winavr/bin/../lib/gcc/avr/4.3.3/avr5\libgcc.a(_mulsi3.o)
                              ./HAL/FLEX_SENSOR/FLEX_SENSOR_PROGRAM.o (__mulsi3)
e:/embedded sys course/01- imt sdk/imt_sdk_win_64/imt_sdk_win_64/winavr/bin/../lib/gcc/avr/4.3.3/avr5\libgcc.a(_udivmodhi4.o)
                              ./main.o (__udivmodhi4)
e:/embedded sys course/01- imt sdk/imt_sdk_win_64/imt_sdk_win_64/winavr/bin/../lib/gcc/avr/4.3.3/avr5\libgcc.a(_udivmodsi4.o)
                              ./HAL/FLEX_SENSOR/FLEX_SENSOR_PROGRAM.o (__udivmodsi4)
e:/embedded sys course/01- imt sdk/imt_sdk_win_64/imt_sdk_win_64/winavr/bin/../lib/gcc/avr/4.3.3/avr5\libgcc.a(_exit.o)
                              e:/embedded sys course/01- imt sdk/imt_sdk_win_64/imt_sdk_win_64/winavr/bin/../lib/gcc/avr/4.3.3/../../../../avr/lib/avr5/crtm32.o (exit)
e:/embedded sys course/01- imt sdk/imt_sdk_win_64/imt_sdk_win_64/winavr/bin/../lib/gcc/avr/4.3.3/avr5\libgcc.a(_copy_data.o)
                              ./HAL/LCDI2C/LCDI2C_program.o (__do_copy_data)
e:/embedded sys course/01- imt sdk/imt_sdk_win_64/imt_sdk_win_64/winavr/bin/../lib/gcc/avr/4.3.3/avr5\libgcc.a(_clear_bss.o)
                              ./MCAL/TIMERS/TIMERS_Program.o (__do_clear_bss)
e:/embedded sys course/01- imt sdk/imt_sdk_win_64/imt_sdk_win_64/winavr/bin/../lib/gcc/avr/4.3.3/../../../../avr/lib/avr5\libc.a(malloc.o)
                              ./MCAL/UART/UART_Prgoram.o (malloc)
e:/embedded sys course/01- imt sdk/imt_sdk_win_64/imt_sdk_win_64/winavr/bin/../lib/gcc/avr/4.3.3/../../../../avr/lib/avr5\libc.a(realloc.o)
                              ./MCAL/UART/UART_Prgoram.o (realloc)
e:/embedded sys course/01- imt sdk/imt_sdk_win_64/imt_sdk_win_64/winavr/bin/../lib/gcc/avr/4.3.3/../../../../avr/lib/avr5\libc.a(memcpy.o)
                              e:/embedded sys course/01- imt sdk/imt_sdk_win_64/imt_sdk_win_64/winavr/bin/../lib/gcc/avr/4.3.3/../../../../avr/lib/avr5\libc.a(realloc.o) (memcpy)
e:/embedded sys course/01- imt sdk/imt_sdk_win_64/imt_sdk_win_64/winavr/bin/../lib/gcc/avr/4.3.3/avr5\libgcc.a(_prologue.o)
                              e:/embedded sys course/01- imt sdk/imt_sdk_win_64/imt_sdk_win_64/winavr/bin/../lib/gcc/avr/4.3.3/../../../../avr/lib/avr5\libc.a(realloc.o) (__prologue_saves__)
e:/embedded sys course/01- imt sdk/imt_sdk_win_64/imt_sdk_win_64/winavr/bin/../lib/gcc/avr/4.3.3/avr5\libgcc.a(_epilogue.o)
                              e:/embedded sys course/01- imt sdk/imt_sdk_win_64/imt_sdk_win_64/winavr/bin/../lib/gcc/avr/4.3.3/../../../../avr/lib/avr5\libc.a(realloc.o) (__epilogue_restores__)

Allocating common symbols
Common symbol       size              file

hand_analog_reads   0x5               ./main.o
local_u16DigitalValue
                    0x2               ./main.o
local_u16AnalogValue
                    0x2               ./main.o
__brkval            0x2               e:/embedded sys course/01- imt sdk/imt_sdk_win_64/imt_sdk_win_64/winavr/bin/../lib/gcc/avr/4.3.3/../../../../avr/lib/avr5\libc.a(malloc.o)
__flp               0x2               e:/embedded sys course/01- imt sdk/imt_sdk_win_64/imt_sdk_win_64/winavr/bin/../lib/gcc/avr/4.3.3/../../../../avr/lib/avr5\libc.a(malloc.o)

Memory Configuration

Name             Origin             Length             Attributes
text             0x00000000         0x00020000         xr
data             0x00800060         0x0000ffa0         rw !x
eeprom           0x00810000         0x00010000         rw !x
fuse             0x00820000         0x00000400         rw !x
lock             0x00830000         0x00000400         rw !x
signature        0x00840000         0x00000400         rw !x
*default*        0x00000000         0xffffffff

Linker script and memory map

LOAD e:/embedded sys course/01- imt sdk/imt_sdk_win_64/imt_sdk_win_64/winavr/bin/../lib/gcc/avr/4.3.3/../../../../avr/lib/avr5/crtm32.o
LOAD ./MCAL/UART/UART_Prgoram.o
LOAD ./MCAL/TIMERS/TIMERS_Program.o
LOAD ./MCAL/I2C/TWI_program.o
LOAD ./MCAL/GI/GI_program.o
LOAD ./MCAL/DIO/DIO_Program.o
LOAD ./MCAL/ADC/ADC_Program.o
LOAD ./HAL/LCDI2C/LCDI2C_program.o
LOAD ./HAL/FLEX_SENSOR/FLEX_SENSOR_PROGRAM.o
LOAD ./main.o
LOAD e:/embedded sys course/01- imt sdk/imt_sdk_win_64/imt_sdk_win_64/winavr/bin/../lib/gcc/avr/4.3.3/avr5\libgcc.a
LOAD e:/embedded sys course/01- imt sdk/imt_sdk_win_64/imt_sdk_win_64/winavr/bin/../lib/gcc/avr/4.3.3/../../../../avr/lib/avr5\libc.a
LOAD e:/embedded sys course/01- imt sdk/imt_sdk_win_64/imt_sdk_win_64/winavr/bin/../lib/gcc/avr/4.3.3/avr5\libgcc.a

.hash
 *(.hash)

.dynsym
 *(.dynsym)

.dynstr
 *(.dynstr)

.gnu.version
 *(.gnu.version)

.gnu.version_d
 *(.gnu.version_d)

.gnu.version_r
 *(.gnu.version_r)

.rel.init
 *(.rel.init)

.rela.init
 *(.rela.init)

.rel.text
 *(.rel.text)
 *(.rel.text.*)
 *(.rel.gnu.linkonce.t*)

.rela.text
 *(.rela.text)
 *(.rela.text.*)
 *(.rela.gnu.linkonce.t*)

.rel.fini
 *(.rel.fini)

.rela.fini
 *(.rela.fini)

.rel.rodata
 *(.rel.rodata)
 *(.rel.rodata.*)
 *(.rel.gnu.linkonce.r*)

.rela.rodata
 *(.rela.rodata)
 *(.rela.rodata.*)
 *(.rela.gnu.linkonce.r*)

.rel.data
 *(.rel.data)
 *(.rel.data.*)
 *(.rel.gnu.linkonce.d*)

.rela.data
 *(.rela.data)
 *(.rela.data.*)
 *(.rela.gnu.linkonce.d*)

.rel.ctors
 *(.rel.ctors)

.rela.ctors
 *(.rela.ctors)

.rel.dtors
 *(.rel.dtors)

.rela.dtors
 *(.rela.dtors)

.rel.got
 *(.rel.got)

.rela.got
 *(.rela.got)

.rel.bss
 *(.rel.bss)

.rela.bss
 *(.rela.bss)

.rel.plt
 *(.rel.plt)

.rela.plt
 *(.rela.plt)

.text           0x00000000      0xac8
 *(.vectors)
 .vectors       0x00000000       0x54 e:/embedded sys course/01- imt sdk/imt_sdk_win_64/imt_sdk_win_64/winavr/bin/../lib/gcc/avr/4.3.3/../../../../avr/lib/avr5/crtm32.o
                0x00000000                __vectors
                0x00000000                __vector_default
 *(.vectors)
 *(.progmem.gcc*)
 *(.progmem*)
                0x00000054                . = ALIGN (0x2)
                0x00000054                __trampolines_start = .
 *(.trampolines)
 .trampolines   0x00000054        0x0 linker stubs
 *(.trampolines*)
                0x00000054                __trampolines_end = .
 *(.jumptables)
 *(.jumptables*)
 *(.lowtext)
 *(.lowtext*)
                0x00000054                __ctors_start = .
 *(.ctors)
                0x00000054                __ctors_end = .
                0x00000054                __dtors_start = .
 *(.dtors)
                0x00000054                __dtors_end = .
 SORT(*)(.ctors)
 SORT(*)(.dtors)
 *(.init0)
 .init0         0x00000054        0x0 e:/embedded sys course/01- imt sdk/imt_sdk_win_64/imt_sdk_win_64/winavr/bin/../lib/gcc/avr/4.3.3/../../../../avr/lib/avr5/crtm32.o
                0x00000054                __init
 *(.init0)
 *(.init1)
 *(.init1)
 *(.init2)
 .init2         0x00000054        0xc e:/embedded sys course/01- imt sdk/imt_sdk_win_64/imt_sdk_win_64/winavr/bin/../lib/gcc/avr/4.3.3/../../../../avr/lib/avr5/crtm32.o
 *(.init2)
 *(.init3)
 *(.init3)
 *(.init4)
 .init4         0x00000060       0x16 e:/embedded sys course/01- imt sdk/imt_sdk_win_64/imt_sdk_win_64/winavr/bin/../lib/gcc/avr/4.3.3/avr5\libgcc.a(_copy_data.o)
                0x00000060                __do_copy_data
 .init4         0x00000076       0x10 e:/embedded sys course/01- imt sdk/imt_sdk_win_64/imt_sdk_win_64/winavr/bin/../lib/gcc/avr/4.3.3/avr5\libgcc.a(_clear_bss.o)
                0x00000076                __do_clear_bss
 *(.init4)
 *(.init5)
 *(.init5)
 *(.init6)
 *(.init6)
 *(.init7)
 *(.init7)
 *(.init8)
 *(.init8)
 *(.init9)
 .init9         0x00000086        0x8 e:/embedded sys course/01- imt sdk/imt_sdk_win_64/imt_sdk_win_64/winavr/bin/../lib/gcc/avr/4.3.3/../../../../avr/lib/avr5/crtm32.o
 *(.init9)
 *(.text)
 .text          0x0000008e        0x4 e:/embedded sys course/01- imt sdk/imt_sdk_win_64/imt_sdk_win_64/winavr/bin/../lib/gcc/avr/4.3.3/../../../../avr/lib/avr5/crtm32.o
                0x0000008e                __vector_1
                0x0000008e                __vector_12
                0x0000008e                __bad_interrupt
                0x0000008e                __vector_6
                0x0000008e                __vector_3
                0x0000008e                __vector_11
                0x0000008e                __vector_13
                0x0000008e                __vector_17
                0x0000008e                __vector_19
                0x0000008e                __vector_7
                0x0000008e                __vector_5
                0x0000008e                __vector_4
                0x0000008e                __vector_9
                0x0000008e                __vector_2
                0x0000008e                __vector_15
                0x0000008e                __vector_8
                0x0000008e                __vector_14
                0x0000008e                __vector_16
                0x0000008e                __vector_18
                0x0000008e                __vector_20
 .text          0x00000092        0x0 ./MCAL/UART/UART_Prgoram.o
 .text          0x00000092        0x0 ./MCAL/TIMERS/TIMERS_Program.o
 .text          0x00000092        0x0 ./MCAL/I2C/TWI_program.o
 .text          0x00000092        0x0 ./MCAL/GI/GI_program.o
 .text          0x00000092        0x0 ./MCAL/DIO/DIO_Program.o
 .text          0x00000092        0x0 ./MCAL/ADC/ADC_Program.o
 .text          0x00000092        0x0 ./HAL/LCDI2C/LCDI2C_program.o
 .text          0x00000092        0x0 ./HAL/FLEX_SENSOR/FLEX_SENSOR_PROGRAM.o
 .text          0x00000092        0x0 ./main.o
 .text          0x00000092        0x0 e:/embedded sys course/01- imt sdk/imt_sdk_win_64/imt_sdk_win_64/winavr/bin/../lib/gcc/avr/4.3.3/avr5\libgcc.a(_mulsi3.o)
 .text          0x00000092        0x0 e:/embedded sys course/01- imt sdk/imt_sdk_win_64/imt_sdk_win_64/winavr/bin/../lib/gcc/avr/4.3.3/avr5\libgcc.a(_udivmodhi4.o)
 .text          0x00000092        0x0 e:/embedded sys course/01- imt sdk/imt_sdk_win_64/imt_sdk_win_64/winavr/bin/../lib/gcc/avr/4.3.3/avr5\libgcc.a(_udivmodsi4.o)
 .text          0x00000092        0x0 e:/embedded sys course/01- imt sdk/imt_sdk_win_64/imt_sdk_win_64/winavr/bin/../lib/gcc/avr/4.3.3/avr5\libgcc.a(_exit.o)
 .text          0x00000092        0x0 e:/embedded sys course/01- imt sdk/imt_sdk_win_64/imt_sdk_win_64/winavr/bin/../lib/gcc/avr/4.3.3/avr5\libgcc.a(_copy_data.o)
 .text          0x00000092        0x0 e:/embedded sys course/01- imt sdk/imt_sdk_win_64/imt_sdk_win_64/winavr/bin/../lib/gcc/avr/4.3.3/avr5\libgcc.a(_clear_bss.o)
 .text          0x00000092        0x0 e:/embedded sys course/01- imt sdk/imt_sdk_win_64/imt_sdk_win_64/winavr/bin/../lib/gcc/avr/4.3.3/../../../../avr/lib/avr5\libc.a(malloc.o)
 .text          0x00000092        0x0 e:/embedded sys course/01- imt sdk/imt_sdk_win_64/imt_sdk_win_64/winavr/bin/../lib/gcc/avr/4.3.3/../../../../avr/lib/avr5\libc.a(realloc.o)
 .text          0x00000092        0x0 e:/embedded sys course/01- imt sdk/imt_sdk_win_64/imt_sdk_win_64/winavr/bin/../lib/gcc/avr/4.3.3/../../../../avr/lib/avr5\libc.a(memcpy.o)
 .text          0x00000092        0x0 e:/embedded sys course/01- imt sdk/imt_sdk_win_64/imt_sdk_win_64/winavr/bin/../lib/gcc/avr/4.3.3/avr5\libgcc.a(_prologue.o)
 .text          0x00000092        0x0 e:/embedded sys course/01- imt sdk/imt_sdk_win_64/imt_sdk_win_64/winavr/bin/../lib/gcc/avr/4.3.3/avr5\libgcc.a(_epilogue.o)
                0x00000092                . = ALIGN (0x2)
 *(.text.*)
 .text.MUART_voidInit
                0x00000092       0x12 ./MCAL/UART/UART_Prgoram.o
                0x00000092                MUART_voidInit
 .text.MUART_voidSendByteSyncBlocking
                0x000000a4        0xe ./MCAL/UART/UART_Prgoram.o
                0x000000a4                MUART_voidSendByteSyncBlocking
 .text.MUART_voidSendStringSyncBlocking
                0x000000b2       0x1a ./MCAL/UART/UART_Prgoram.o
                0x000000b2                MUART_voidSendStringSyncBlocking
 .text.MUART_u8ReadByteSyncBlocking
                0x000000cc        0x8 ./MCAL/UART/UART_Prgoram.o
                0x000000cc                MUART_u8ReadByteSyncBlocking
 .text.MUART_u8ReadStringSyncBlocking
                0x000000d4       0x84 ./MCAL/UART/UART_Prgoram.o
                0x000000d4                MUART_u8ReadStringSyncBlocking
 .text.MTIMER0_voidInit
                0x00000158       0x2a ./MCAL/TIMERS/TIMERS_Program.o
                0x00000158                MTIMER0_voidInit
 .text.MTIMER0_voidSetCTCCallback
                0x00000182        0xe ./MCAL/TIMERS/TIMERS_Program.o
                0x00000182                MTIMER0_voidSetCTCCallback
 .text.__vector_10
                0x00000190       0x52 ./MCAL/TIMERS/TIMERS_Program.o
                0x00000190                __vector_10
 .text.TWI_init
                0x000001e2        0xe ./MCAL/I2C/TWI_program.o
                0x000001e2                TWI_init
 .text.TWI_start
                0x000001f0        0xc ./MCAL/I2C/TWI_program.o
                0x000001f0                TWI_start
 .text.TWI_stop
                0x000001fc        0x6 ./MCAL/I2C/TWI_program.o
                0x000001fc                TWI_stop
 .text.TWI_writeByte
                0x00000202        0xe ./MCAL/I2C/TWI_program.o
                0x00000202                TWI_writeByte
 .text.TWI_readByteWithACK
                0x00000210        0xe ./MCAL/I2C/TWI_program.o
                0x00000210                TWI_readByteWithACK
 .text.TWI_readByteWithNACK
                0x0000021e        0xe ./MCAL/I2C/TWI_program.o
                0x0000021e                TWI_readByteWithNACK
 .text.TWI_getStatus
                0x0000022c        0x6 ./MCAL/I2C/TWI_program.o
                0x0000022c                TWI_getStatus
 .text.MGI_voidEnable
                0x00000232        0x8 ./MCAL/GI/GI_program.o
                0x00000232                MGI_voidEnable
 .text.MGI_voidDisable
                0x0000023a        0x8 ./MCAL/GI/GI_program.o
                0x0000023a                MGI_voidDisable
 .text.MDIO_voidInit
                0x00000242       0x16 ./MCAL/DIO/DIO_Program.o
                0x00000242                MDIO_voidInit
 .text.MADC_voidInit
                0x00000258       0x12 ./MCAL/ADC/ADC_Program.o
                0x00000258                MADC_voidInit
 .text.MADC_u16GetDigitalvalue
                0x0000026a       0x28 ./MCAL/ADC/ADC_Program.o
                0x0000026a                MADC_u16GetDigitalvalue
 .text.PCF8574_write
                0x00000292       0x44 ./HAL/LCDI2C/LCDI2C_program.o
 .text.LCD_sendWithLowEn
                0x000002d6       0x18 ./HAL/LCDI2C/LCDI2C_program.o
                0x000002d6                LCD_sendWithLowEn
 .text.LCD_sendWithHighEn
                0x000002ee       0x18 ./HAL/LCDI2C/LCDI2C_program.o
                0x000002ee                LCD_sendWithHighEn
 .text.LCD_displayCharacter
                0x00000306       0x42 ./HAL/LCDI2C/LCDI2C_program.o
                0x00000306                LCD_displayCharacter
 .text.LCD_displayString
                0x00000348       0x26 ./HAL/LCDI2C/LCDI2C_program.o
                0x00000348                LCD_displayString
 .text.LCD_sendCommand
                0x0000036e       0x4e ./HAL/LCDI2C/LCDI2C_program.o
                0x0000036e                LCD_sendCommand
 .text.LCD_HEART
                0x000003bc       0x22 ./HAL/LCDI2C/LCDI2C_program.o
                0x000003bc                LCD_HEART
 .text.LCD_clearScreen
                0x000003de        0x8 ./HAL/LCDI2C/LCDI2C_program.o
                0x000003de                LCD_clearScreen
 .text.LCD_init
                0x000003e6       0x24 ./HAL/LCDI2C/LCDI2C_program.o
                0x000003e6                LCD_init
 .text.HFLEX_SENSOR_CALCULATE_RES
                0x0000040a       0x2e ./HAL/FLEX_SENSOR/FLEX_SENSOR_PROGRAM.o
                0x0000040a                HFLEX_SENSOR_CALCULATE_RES
 .text.lookupWord
                0x00000438       0x36 ./main.o
                0x00000438                lookupWord
 .text.GET_STATS
                0x0000046e       0xc2 ./main.o
                0x0000046e                GET_STATS
 .text.Timer0_CTC
                0x00000530       0x7a ./main.o
                0x00000530                Timer0_CTC
 .text.main     0x000005aa       0x4a ./main.o
                0x000005aa                main
 .text.libgcc   0x000005f4       0x3e e:/embedded sys course/01- imt sdk/imt_sdk_win_64/imt_sdk_win_64/winavr/bin/../lib/gcc/avr/4.3.3/avr5\libgcc.a(_mulsi3.o)
                0x000005f4                __mulsi3
 .text.libgcc   0x00000632       0x28 e:/embedded sys course/01- imt sdk/imt_sdk_win_64/imt_sdk_win_64/winavr/bin/../lib/gcc/avr/4.3.3/avr5\libgcc.a(_udivmodhi4.o)
                0x00000632                __udivmodhi4
 .text.libgcc   0x0000065a       0x44 e:/embedded sys course/01- imt sdk/imt_sdk_win_64/imt_sdk_win_64/winavr/bin/../lib/gcc/avr/4.3.3/avr5\libgcc.a(_udivmodsi4.o)
                0x0000065a                __udivmodsi4
 .text.libgcc   0x0000069e        0x0 e:/embedded sys course/01- imt sdk/imt_sdk_win_64/imt_sdk_win_64/winavr/bin/../lib/gcc/avr/4.3.3/avr5\libgcc.a(_exit.o)
 .text.libgcc   0x0000069e        0x0 e:/embedded sys course/01- imt sdk/imt_sdk_win_64/imt_sdk_win_64/winavr/bin/../lib/gcc/avr/4.3.3/avr5\libgcc.a(_copy_data.o)
 .text.libgcc   0x0000069e        0x0 e:/embedded sys course/01- imt sdk/imt_sdk_win_64/imt_sdk_win_64/winavr/bin/../lib/gcc/avr/4.3.3/avr5\libgcc.a(_clear_bss.o)
 .text.avr-libc
                0x0000069e      0x20a e:/embedded sys course/01- imt sdk/imt_sdk_win_64/imt_sdk_win_64/winavr/bin/../lib/gcc/avr/4.3.3/../../../../avr/lib/avr5\libc.a(malloc.o)
                0x0000069e                malloc
                0x000007f8                free
 .text.avr-libc
                0x000008a8      0x19c e:/embedded sys course/01- imt sdk/imt_sdk_win_64/imt_sdk_win_64/winavr/bin/../lib/gcc/avr/4.3.3/../../../../avr/lib/avr5\libc.a(realloc.o)
                0x000008a8                realloc
 .text.avr-libc
                0x00000a44       0x12 e:/embedded sys course/01- imt sdk/imt_sdk_win_64/imt_sdk_win_64/winavr/bin/../lib/gcc/avr/4.3.3/../../../../avr/lib/avr5\libc.a(memcpy.o)
                0x00000a44                memcpy
 .text.libgcc   0x00000a56       0x38 e:/embedded sys course/01- imt sdk/imt_sdk_win_64/imt_sdk_win_64/winavr/bin/../lib/gcc/avr/4.3.3/avr5\libgcc.a(_prologue.o)
                0x00000a56                __prologue_saves__
 .text.libgcc   0x00000a8e       0x36 e:/embedded sys course/01- imt sdk/imt_sdk_win_64/imt_sdk_win_64/winavr/bin/../lib/gcc/avr/4.3.3/avr5\libgcc.a(_epilogue.o)
                0x00000a8e                __epilogue_restores__
                0x00000ac4                . = ALIGN (0x2)
 *(.fini9)
 .fini9         0x00000ac4        0x0 e:/embedded sys course/01- imt sdk/imt_sdk_win_64/imt_sdk_win_64/winavr/bin/../lib/gcc/avr/4.3.3/avr5\libgcc.a(_exit.o)
                0x00000ac4                exit
                0x00000ac4                _exit
 *(.fini9)
 *(.fini8)
 *(.fini8)
 *(.fini7)
 *(.fini7)
 *(.fini6)
 *(.fini6)
 *(.fini5)
 *(.fini5)
 *(.fini4)
 *(.fini4)
 *(.fini3)
 *(.fini3)
 *(.fini2)
 *(.fini2)
 *(.fini1)
 *(.fini1)
 *(.fini0)
 .fini0         0x00000ac4        0x4 e:/embedded sys course/01- imt sdk/imt_sdk_win_64/imt_sdk_win_64/winavr/bin/../lib/gcc/avr/4.3.3/avr5\libgcc.a(_exit.o)
 *(.fini0)
                0x00000ac8                _etext = .

.data           0x00800060      0x182 load address 0x00000ac8
                0x00800060                PROVIDE (__data_start, .)
 *(.data)
 .data          0x00800060        0x0 e:/embedded sys course/01- imt sdk/imt_sdk_win_64/imt_sdk_win_64/winavr/bin/../lib/gcc/avr/4.3.3/../../../../avr/lib/avr5/crtm32.o
 .data          0x00800060        0x0 ./MCAL/UART/UART_Prgoram.o
 .data          0x00800060        0x0 ./MCAL/TIMERS/TIMERS_Program.o
 .data          0x00800060        0x0 ./MCAL/I2C/TWI_program.o
 .data          0x00800060        0x0 ./MCAL/GI/GI_program.o
 .data          0x00800060        0x0 ./MCAL/DIO/DIO_Program.o
 .data          0x00800060        0x0 ./MCAL/ADC/ADC_Program.o
 .data          0x00800060        0x0 ./HAL/LCDI2C/LCDI2C_program.o
 .data          0x00800060        0x0 ./HAL/FLEX_SENSOR/FLEX_SENSOR_PROGRAM.o
 .data          0x00800060      0x113 ./main.o
 .data          0x00800173        0x0 e:/embedded sys course/01- imt sdk/imt_sdk_win_64/imt_sdk_win_64/winavr/bin/../lib/gcc/avr/4.3.3/avr5\libgcc.a(_mulsi3.o)
 .data          0x00800173        0x0 e:/embedded sys course/01- imt sdk/imt_sdk_win_64/imt_sdk_win_64/winavr/bin/../lib/gcc/avr/4.3.3/avr5\libgcc.a(_udivmodhi4.o)
 .data          0x00800173        0x0 e:/embedded sys course/01- imt sdk/imt_sdk_win_64/imt_sdk_win_64/winavr/bin/../lib/gcc/avr/4.3.3/avr5\libgcc.a(_udivmodsi4.o)
 .data          0x00800173        0x0 e:/embedded sys course/01- imt sdk/imt_sdk_win_64/imt_sdk_win_64/winavr/bin/../lib/gcc/avr/4.3.3/avr5\libgcc.a(_exit.o)
 .data          0x00800173        0x0 e:/embedded sys course/01- imt sdk/imt_sdk_win_64/imt_sdk_win_64/winavr/bin/../lib/gcc/avr/4.3.3/avr5\libgcc.a(_copy_data.o)
 .data          0x00800173        0x0 e:/embedded sys course/01- imt sdk/imt_sdk_win_64/imt_sdk_win_64/winavr/bin/../lib/gcc/avr/4.3.3/avr5\libgcc.a(_clear_bss.o)
 .data          0x00800173        0x6 e:/embedded sys course/01- imt sdk/imt_sdk_win_64/imt_sdk_win_64/winavr/bin/../lib/gcc/avr/4.3.3/../../../../avr/lib/avr5\libc.a(malloc.o)
                0x00800175                __malloc_heap_start
                0x00800177                __malloc_heap_end
                0x00800173                __malloc_margin
 .data          0x00800179        0x0 e:/embedded sys course/01- imt sdk/imt_sdk_win_64/imt_sdk_win_64/winavr/bin/../lib/gcc/avr/4.3.3/../../../../avr/lib/avr5\libc.a(realloc.o)
 .data          0x00800179        0x0 e:/embedded sys course/01- imt sdk/imt_sdk_win_64/imt_sdk_win_64/winavr/bin/../lib/gcc/avr/4.3.3/../../../../avr/lib/avr5\libc.a(memcpy.o)
 .data          0x00800179        0x0 e:/embedded sys course/01- imt sdk/imt_sdk_win_64/imt_sdk_win_64/winavr/bin/../lib/gcc/avr/4.3.3/avr5\libgcc.a(_prologue.o)
 .data          0x00800179        0x0 e:/embedded sys course/01- imt sdk/imt_sdk_win_64/imt_sdk_win_64/winavr/bin/../lib/gcc/avr/4.3.3/avr5\libgcc.a(_epilogue.o)
 *(.data*)
 .data.dictionary
                0x00800179       0x60 ./main.o
                0x00800179                dictionary
 *(.rodata)
 *(.rodata*)
 .rodata.heartCharMap.1347
                0x008001d9        0x8 ./HAL/LCDI2C/LCDI2C_program.o
 *(.gnu.linkonce.d*)
                0x008001e2                . = ALIGN (0x2)
 *fill*         0x008001e1        0x1 00
                0x008001e2                _edata = .
                0x008001e2                PROVIDE (__data_end, .)

.bss            0x008001e2       0x14
                0x008001e2                PROVIDE (__bss_start, .)
 *(.bss)
 .bss           0x008001e2        0x0 e:/embedded sys course/01- imt sdk/imt_sdk_win_64/imt_sdk_win_64/winavr/bin/../lib/gcc/avr/4.3.3/../../../../avr/lib/avr5/crtm32.o
 .bss           0x008001e2        0x0 ./MCAL/UART/UART_Prgoram.o
 .bss           0x008001e2        0x0 ./MCAL/TIMERS/TIMERS_Program.o
 .bss           0x008001e2        0x0 ./MCAL/I2C/TWI_program.o
 .bss           0x008001e2        0x0 ./MCAL/GI/GI_program.o
 .bss           0x008001e2        0x0 ./MCAL/DIO/DIO_Program.o
 .bss           0x008001e2        0x0 ./MCAL/ADC/ADC_Program.o
 .bss           0x008001e2        0x0 ./HAL/LCDI2C/LCDI2C_program.o
 .bss           0x008001e2        0x0 ./HAL/FLEX_SENSOR/FLEX_SENSOR_PROGRAM.o
 .bss           0x008001e2        0x0 ./main.o
 .bss           0x008001e2        0x0 e:/embedded sys course/01- imt sdk/imt_sdk_win_64/imt_sdk_win_64/winavr/bin/../lib/gcc/avr/4.3.3/avr5\libgcc.a(_mulsi3.o)
 .bss           0x008001e2        0x0 e:/embedded sys course/01- imt sdk/imt_sdk_win_64/imt_sdk_win_64/winavr/bin/../lib/gcc/avr/4.3.3/avr5\libgcc.a(_udivmodhi4.o)
 .bss           0x008001e2        0x0 e:/embedded sys course/01- imt sdk/imt_sdk_win_64/imt_sdk_win_64/winavr/bin/../lib/gcc/avr/4.3.3/avr5\libgcc.a(_udivmodsi4.o)
 .bss           0x008001e2        0x0 e:/embedded sys course/01- imt sdk/imt_sdk_win_64/imt_sdk_win_64/winavr/bin/../lib/gcc/avr/4.3.3/avr5\libgcc.a(_exit.o)
 .bss           0x008001e2        0x0 e:/embedded sys course/01- imt sdk/imt_sdk_win_64/imt_sdk_win_64/winavr/bin/../lib/gcc/avr/4.3.3/avr5\libgcc.a(_copy_data.o)
 .bss           0x008001e2        0x0 e:/embedded sys course/01- imt sdk/imt_sdk_win_64/imt_sdk_win_64/winavr/bin/../lib/gcc/avr/4.3.3/avr5\libgcc.a(_clear_bss.o)
 .bss           0x008001e2        0x0 e:/embedded sys course/01- imt sdk/imt_sdk_win_64/imt_sdk_win_64/winavr/bin/../lib/gcc/avr/4.3.3/../../../../avr/lib/avr5\libc.a(malloc.o)
 .bss           0x008001e2        0x0 e:/embedded sys course/01- imt sdk/imt_sdk_win_64/imt_sdk_win_64/winavr/bin/../lib/gcc/avr/4.3.3/../../../../avr/lib/avr5\libc.a(realloc.o)
 .bss           0x008001e2        0x0 e:/embedded sys course/01- imt sdk/imt_sdk_win_64/imt_sdk_win_64/winavr/bin/../lib/gcc/avr/4.3.3/../../../../avr/lib/avr5\libc.a(memcpy.o)
 .bss           0x008001e2        0x0 e:/embedded sys course/01- imt sdk/imt_sdk_win_64/imt_sdk_win_64/winavr/bin/../lib/gcc/avr/4.3.3/avr5\libgcc.a(_prologue.o)
 .bss           0x008001e2        0x0 e:/embedded sys course/01- imt sdk/imt_sdk_win_64/imt_sdk_win_64/winavr/bin/../lib/gcc/avr/4.3.3/avr5\libgcc.a(_epilogue.o)
 *(.bss*)
 .bss.TIMER0_CTC_CALLBACK
                0x008001e2        0x2 ./MCAL/TIMERS/TIMERS_Program.o
                0x008001e2                TIMER0_CTC_CALLBACK
 .bss.global_LCD
                0x008001e4        0x1 ./HAL/LCDI2C/LCDI2C_program.o
                0x008001e4                global_LCD
 .bss.pre_stats
                0x008001e5        0x1 ./main.o
                0x008001e5                pre_stats
 .bss.stats     0x008001e6        0x1 ./main.o
                0x008001e6                stats
 .bss.counter.1382
                0x008001e7        0x2 ./main.o
 *(COMMON)
 COMMON         0x008001e9        0x9 ./main.o
                0x008001e9                hand_analog_reads
                0x008001ee                local_u16DigitalValue
                0x008001f0                local_u16AnalogValue
 COMMON         0x008001f2        0x4 e:/embedded sys course/01- imt sdk/imt_sdk_win_64/imt_sdk_win_64/winavr/bin/../lib/gcc/avr/4.3.3/../../../../avr/lib/avr5\libc.a(malloc.o)
                0x008001f2                __brkval
                0x008001f4                __flp
                0x008001f6                PROVIDE (__bss_end, .)
                0x00000ac8                __data_load_start = LOADADDR (.data)
                0x00000c4a                __data_load_end = (__data_load_start + SIZEOF (.data))

.noinit         0x008001f6        0x0
                0x008001f6                PROVIDE (__noinit_start, .)
 *(.noinit*)
                0x008001f6                PROVIDE (__noinit_end, .)
                0x008001f6                _end = .
                0x008001f6                PROVIDE (__heap_start, .)

.eeprom         0x00810000        0x0
 *(.eeprom*)
                0x00810000                __eeprom_end = .

.fuse
 *(.fuse)
 *(.lfuse)
 *(.hfuse)
 *(.efuse)

.lock
 *(.lock*)

.signature
 *(.signature*)

.stab           0x00000000     0x1f20
 *(.stab)
 .stab          0x00000000      0x600 ./MCAL/UART/UART_Prgoram.o
 .stab          0x00000600      0x288 ./MCAL/TIMERS/TIMERS_Program.o
                                0x294 (size before relaxing)
 .stab          0x00000888      0x330 ./MCAL/I2C/TWI_program.o
                                0x33c (size before relaxing)
 .stab          0x00000bb8      0x1bc ./MCAL/GI/GI_program.o
                                0x1c8 (size before relaxing)
 .stab          0x00000d74      0x1e0 ./MCAL/DIO/DIO_Program.o
                                0x1ec (size before relaxing)
 .stab          0x00000f54      0x2b8 ./MCAL/ADC/ADC_Program.o
                                0x2c4 (size before relaxing)
 .stab          0x0000120c      0x618 ./HAL/LCDI2C/LCDI2C_program.o
                                0x7b0 (size before relaxing)
 .stab          0x00001824      0x1b0 ./HAL/FLEX_SENSOR/FLEX_SENSOR_PROGRAM.o
                                0x1bc (size before relaxing)
 .stab          0x000019d4      0x54c ./main.o
                                0x750 (size before relaxing)

.stabstr        0x00000000     0x14b2
 *(.stabstr)
 .stabstr       0x00000000     0x14b2 ./MCAL/UART/UART_Prgoram.o

.stab.excl
 *(.stab.excl)

.stab.exclstr
 *(.stab.exclstr)

.stab.index
 *(.stab.index)

.stab.indexstr
 *(.stab.indexstr)

.comment
 *(.comment)

.debug
 *(.debug)

.line
 *(.line)

.debug_srcinfo
 *(.debug_srcinfo)

.debug_sfnames
 *(.debug_sfnames)

.debug_aranges
 *(.debug_aranges)

.debug_pubnames
 *(.debug_pubnames)

.debug_info
 *(.debug_info)
 *(.gnu.linkonce.wi.*)

.debug_abbrev
 *(.debug_abbrev)

.debug_line
 *(.debug_line)

.debug_frame
 *(.debug_frame)

.debug_str
 *(.debug_str)

.debug_loc
 *(.debug_loc)

.debug_macinfo
 *(.debug_macinfo)
OUTPUT(deaf_gloves.elf elf32-avr)
LOAD linker stubs
